// ====== SNAPSHOT 0 ======
Array [
  Object {
    "originSelectionRange": Array [
      Object {
        "character": 3,
        "line": 1,
      },
      Object {
        "character": 7,
        "line": 1,
      },
    ],
    "targetRange": Array [
      Object {
        "character": 0,
        "line": 0,
      },
      Object {
        "character": 0,
        "line": 0,
      },
    ],
    "targetSelectionRange": Array [
      Object {
        "character": 0,
        "line": 0,
      },
      Object {
        "character": 0,
        "line": 0,
      },
    ],
    "targetUri": Object {
      "$mid": 1,
      "path": "/Users/lastleaf/work/wxweb/glass-easel-analyzer/vscode-extension/test-fixture/wxml/component.wxml",
      "scheme": "file",
    },
  },
]
// ====== SNAPSHOT 1 ======
Array [
  Object {
    "originSelectionRange": Array [
      Object {
        "character": 9,
        "line": 3,
      },
      Object {
        "character": 10,
        "line": 3,
      },
    ],
    "targetRange": Array [
      Object {
        "character": 8,
        "line": 1,
      },
      Object {
        "character": 9,
        "line": 1,
      },
    ],
    "targetSelectionRange": Array [
      Object {
        "character": 8,
        "line": 1,
      },
      Object {
        "character": 9,
        "line": 1,
      },
    ],
    "targetUri": Object {
      "$mid": 1,
      "external": "file:///Users/lastleaf/work/wxweb/glass-easel-analyzer/vscode-extension/test-fixture/wxml/component.wxml",
      "path": "/Users/lastleaf/work/wxweb/glass-easel-analyzer/vscode-extension/test-fixture/wxml/component.wxml",
      "scheme": "file",
    },
  },
  Object {
    "originSelectionRange": Array [
      Object {
        "character": 9,
        "line": 3,
      },
      Object {
        "character": 10,
        "line": 3,
      },
    ],
    "targetRange": Array [
      Object {
        "character": 6,
        "line": 3,
      },
      Object {
        "character": 7,
        "line": 3,
      },
    ],
    "targetSelectionRange": Array [
      Object {
        "character": 6,
        "line": 3,
      },
      Object {
        "character": 7,
        "line": 3,
      },
    ],
    "targetUri": Object {
      "$mid": 1,
      "external": "file:///Users/lastleaf/work/wxweb/glass-easel-analyzer/vscode-extension/test-fixture/wxml/component.wxml",
      "path": "/Users/lastleaf/work/wxweb/glass-easel-analyzer/vscode-extension/test-fixture/wxml/component.wxml",
      "scheme": "file",
    },
  },
]
// ====== SNAPSHOT 2 ======
Array []
// ====== SNAPSHOT 3 ======
Array [
  Object {
    "originSelectionRange": Array [
      Object {
        "character": 17,
        "line": 3,
      },
      Object {
        "character": 18,
        "line": 3,
      },
    ],
    "targetRange": Array [
      Object {
        "character": 20,
        "line": 1,
      },
      Object {
        "character": 21,
        "line": 1,
      },
    ],
    "targetSelectionRange": Array [
      Object {
        "character": 20,
        "line": 1,
      },
      Object {
        "character": 21,
        "line": 1,
      },
    ],
    "targetUri": Object {
      "$mid": 1,
      "path": "/Users/lastleaf/work/wxweb/glass-easel-analyzer/vscode-extension/test-fixture/wxml/component.wxml",
      "scheme": "file",
    },
  },
]
// ====== SNAPSHOT 4 ======
Array [
  Object {
    "originSelectionRange": Array [
      Object {
        "character": 16,
        "line": 2,
      },
      Object {
        "character": 17,
        "line": 2,
      },
    ],
    "targetRange": Array [
      Object {
        "character": 8,
        "line": 1,
      },
      Object {
        "character": 9,
        "line": 1,
      },
    ],
    "targetSelectionRange": Array [
      Object {
        "character": 8,
        "line": 1,
      },
      Object {
        "character": 9,
        "line": 1,
      },
    ],
    "targetUri": Object {
      "$mid": 1,
      "external": "file:///Users/lastleaf/work/wxweb/glass-easel-analyzer/vscode-extension/test-fixture/wxml/component.wxml",
      "path": "/Users/lastleaf/work/wxweb/glass-easel-analyzer/vscode-extension/test-fixture/wxml/component.wxml",
      "scheme": "file",
    },
  },
  Object {
    "originSelectionRange": Array [
      Object {
        "character": 16,
        "line": 2,
      },
      Object {
        "character": 17,
        "line": 2,
      },
    ],
    "targetRange": Array [
      Object {
        "character": 6,
        "line": 3,
      },
      Object {
        "character": 7,
        "line": 3,
      },
    ],
    "targetSelectionRange": Array [
      Object {
        "character": 6,
        "line": 3,
      },
      Object {
        "character": 7,
        "line": 3,
      },
    ],
    "targetUri": Object {
      "$mid": 1,
      "external": "file:///Users/lastleaf/work/wxweb/glass-easel-analyzer/vscode-extension/test-fixture/wxml/component.wxml",
      "path": "/Users/lastleaf/work/wxweb/glass-easel-analyzer/vscode-extension/test-fixture/wxml/component.wxml",
      "scheme": "file",
    },
  },
]
// ====== SNAPSHOT 5 ======
Array [
  Object {
    "originSelectionRange": Array [
      Object {
        "character": 23,
        "line": 2,
      },
      Object {
        "character": 24,
        "line": 2,
      },
    ],
    "targetRange": Array [
      Object {
        "character": 20,
        "line": 1,
      },
      Object {
        "character": 21,
        "line": 1,
      },
    ],
    "targetSelectionRange": Array [
      Object {
        "character": 20,
        "line": 1,
      },
      Object {
        "character": 21,
        "line": 1,
      },
    ],
    "targetUri": Object {
      "$mid": 1,
      "path": "/Users/lastleaf/work/wxweb/glass-easel-analyzer/vscode-extension/test-fixture/wxml/component.wxml",
      "scheme": "file",
    },
  },
]
// ====== SNAPSHOT 6 ======
Array []
