// ====== SNAPSHOT 0 ======
[Array]
  [Object]
    originSelectionRange = [Array]
      [Object]
        character = 14
        line = 4
      [Object]
        character = 18
        line = 4
    targetRange = [Array]
      [Object]
        character = 16
        line = 0
      [Object]
        character = 20
        line = 0
    targetSelectionRange = [Array]
      [Object]
        character = 16
        line = 0
      [Object]
        character = 20
        line = 0
    targetUri = [Object] "../../test-fixture/wxml/template.wxml"

