// ====== SNAPSHOT 0 ======
[Array]
  [Object]
    containerName = ""
    kind = "Module"
    location = [Object]
      range = [Array]
        [Object]
          character = 0
          line = 0
        [Object]
          character = 1
          line = 2
      uri = [Object] "../../test-fixture/wxss/font-face.wxss"
    name = "@font-face"

