// ====== SNAPSHOT 0 ======
[Array]
  [Object]
    containerName = ""
    kind = "Class"
    location = [Object]
      range = [Array]
        [Object]
          character = 0
          line = 0
        [Object]
          character = 1
          line = 2
      uri = [Object] "../../test-fixture/wxss/global.wxss"
    name = "*"
  [Object]
    containerName = ""
    kind = "Interface"
    location = [Object]
      range = [Array]
        [Object]
          character = 0
          line = 4
        [Object]
          character = 19
          line = 4
      uri = [Object] "../../test-fixture/wxss/global.wxss"
    name = "@import"

