// ====== SNAPSHOT 0 ======
Array [
  Object {
    "containerName": "",
    "kind": "Interface",
    "location": Object {
      "range": Array [
        Object {
          "character": 0,
          "line": 0,
        },
        Object {
          "character": 24,
          "line": 0,
        },
      ],
      "uri": Object {
        "$mid": 1,
        "path": "/Users/lastleaf/work/wxweb/glass-easel-analyzer/vscode-extension/test-fixture/wxss/import.wxss",
        "scheme": "file",
      },
    },
    "name": "@import",
  },
]
