// ====== SNAPSHOT 0 ======
[Array]
  [Object]
    containerName = ""
    kind = "Interface"
    location = [Object]
      range = [Array]
        [Object]
          character = 0
          line = 0
        [Object]
          character = 24
          line = 0
      uri = [Object] "../../test-fixture/wxss/import.wxss"
    name = "@import"
  [Object]
    containerName = ""
    kind = "Class"
    location = [Object]
      range = [Array]
        [Object]
          character = 0
          line = 2
        [Object]
          character = 6
          line = 2
      uri = [Object] "../../test-fixture/wxss/import.wxss"
    name = "div"

