// ====== SNAPSHOT 0 ======
[Array]
  [Object]
    containerName = ""
    kind = "Class"
    location = [Object]
      range = [Array]
        [Object]
          character = 0
          line = 0
        [Object]
          character = 1
          line = 7
      uri = [Object] "../../test-fixture/wxss/style-rule.wxss"
    name = "div#a.b-c[attr=\"value\"]"
  [Object]
    containerName = ""
    kind = "Class"
    location = [Object]
      range = [Array]
        [Object]
          character = 0
          line = 9
        [Object]
          character = 6
          line = 9
      uri = [Object] "../../test-fixture/wxss/style-rule.wxss"
    name = "div"
  [Object]
    containerName = ""
    kind = "Class"
    location = [Object]
      range = [Array]
        [Object]
          character = 0
          line = 11
        [Object]
          character = 5
          line = 11
      uri = [Object] "../../test-fixture/wxss/style-rule.wxss"
    name = "#a"
  [Object]
    containerName = ""
    kind = "Class"
    location = [Object]
      range = [Array]
        [Object]
          character = 0
          line = 13
        [Object]
          character = 1
          line = 15
      uri = [Object] "../../test-fixture/wxss/style-rule.wxss"
    name = ".b-c"

