// ====== SNAPSHOT 0 ======
Array [
  Object {
    "containerName": "",
    "kind": "Class",
    "location": Object {
      "range": Array [
        Object {
          "character": 0,
          "line": 0,
        },
        Object {
          "character": 1,
          "line": 7,
        },
      ],
      "uri": Object {
        "$mid": 1,
        "path": "/Users/lastleaf/work/wxweb/glass-easel-analyzer/vscode-extension/test-fixture/wxss/style-rule.wxss",
        "scheme": "file",
      },
    },
    "name": "div#a.b-c[attr=\"value\"]",
  },
]
