// ====== SNAPSHOT 0 ======
[Array]
  [Object]
    originSelectionRange = [Array]
      [Object]
        character = 0
        line = 2
      [Object]
        character = 3
        line = 2
    targetRange = [Array]
      [Object]
        character = 0
        line = 2
      [Object]
        character = 3
        line = 2
    targetSelectionRange = [Array]
      [Object]
        character = 0
        line = 2
      [Object]
        character = 3
        line = 2
    targetUri = [Object] "../../test-fixture/wxss/import.wxss"

// ====== SNAPSHOT 1 ======
[Array]
  [Object]
    originSelectionRange = [Array]
      [Object]
        character = 8
        line = 0
      [Object]
        character = 23
        line = 0
    targetRange = [Array]
      [Object]
        character = 0
        line = 0
      [Object]
        character = 0
        line = 0
    targetSelectionRange = [Array]
      [Object]
        character = 0
        line = 0
      [Object]
        character = 0
        line = 0
    targetUri = [Object] "../../test-fixture/wxss/global.wxss"

