// ====== SNAPSHOT 0 ======
[Array]
  [Object]
    range = [Array]
      [Object]
        character = 0
        line = 0
      [Object]
        character = 3
        line = 0
    uri = [Object] "../../test-fixture/wxss/global2.wxss"
  [Object]
    range = [Array]
      [Object]
        character = 0
        line = 2
      [Object]
        character = 3
        line = 2
    uri = [Object] "../../test-fixture/wxss/import.wxss"

// ====== SNAPSHOT 1 ======
[Array]

