// ====== SNAPSHOT 0 ======
[Array]
  [Object]
    range = [Array]
      [Object]
        character = 1
        line = 0
      [Object]
        character = 4
        line = 0
    uri = [Object] "../../test-fixture/wxss/global.wxml"
  [Object]
    range = [Array]
      [Object]
        character = 1
        line = 0
      [Object]
        character = 4
        line = 0
    uri = [Object] "../../test-fixture/wxss/global2.wxml"
  [Object]
    range = [Array]
      [Object]
        character = 1
        line = 0
      [Object]
        character = 4
        line = 0
    uri = [Object] "../../test-fixture/wxss/style-rule.wxml"
  [Object]
    range = [Array]
      [Object]
        character = 0
        line = 0
      [Object]
        character = 3
        line = 0
    uri = [Object] "../../test-fixture/wxss/style-rule.wxss"
  [Object]
    range = [Array]
      [Object]
        character = 0
        line = 9
      [Object]
        character = 3
        line = 9
    uri = [Object] "../../test-fixture/wxss/style-rule.wxss"

// ====== SNAPSHOT 1 ======
[Array]
  [Object]
    range = [Array]
      [Object]
        character = 9
        line = 0
      [Object]
        character = 10
        line = 0
    uri = [Object] "../../test-fixture/wxss/global.wxml"
  [Object]
    range = [Array]
      [Object]
        character = 9
        line = 0
      [Object]
        character = 10
        line = 0
    uri = [Object] "../../test-fixture/wxss/global2.wxml"
  [Object]
    range = [Array]
      [Object]
        character = 9
        line = 0
      [Object]
        character = 10
        line = 0
    uri = [Object] "../../test-fixture/wxss/style-rule.wxml"
  [Object]
    range = [Array]
      [Object]
        character = 3
        line = 0
      [Object]
        character = 5
        line = 0
    uri = [Object] "../../test-fixture/wxss/style-rule.wxss"
  [Object]
    range = [Array]
      [Object]
        character = 0
        line = 11
      [Object]
        character = 2
        line = 11
    uri = [Object] "../../test-fixture/wxss/style-rule.wxss"

// ====== SNAPSHOT 2 ======
[Array]
  [Object]
    range = [Array]
      [Object]
        character = 32
        line = 0
      [Object]
        character = 36
        line = 0
    uri = [Object] "../../test-fixture/wxss/global.wxml"
  [Object]
    range = [Array]
      [Object]
        character = 29
        line = 0
      [Object]
        character = 34
        line = 0
    uri = [Object] "../../test-fixture/wxss/global2.wxml"
  [Object]
    range = [Array]
      [Object]
        character = 19
        line = 0
      [Object]
        character = 23
        line = 0
    uri = [Object] "../../test-fixture/wxss/style-rule.wxml"
  [Object]
    range = [Array]
      [Object]
        character = 5
        line = 0
      [Object]
        character = 9
        line = 0
    uri = [Object] "../../test-fixture/wxss/style-rule.wxss"
  [Object]
    range = [Array]
      [Object]
        character = 0
        line = 13
      [Object]
        character = 4
        line = 13
    uri = [Object] "../../test-fixture/wxss/style-rule.wxss"

// ====== SNAPSHOT 3 ======
[Array]
  [Object]
    range = [Array]
      [Object]
        character = 1
        line = 0
      [Object]
        character = 4
        line = 0
    uri = [Object] "../../test-fixture/wxss/global.wxml"
  [Object]
    range = [Array]
      [Object]
        character = 1
        line = 0
      [Object]
        character = 4
        line = 0
    uri = [Object] "../../test-fixture/wxss/global2.wxml"
  [Object]
    range = [Array]
      [Object]
        character = 1
        line = 0
      [Object]
        character = 4
        line = 0
    uri = [Object] "../../test-fixture/wxss/style-rule.wxml"
  [Object]
    range = [Array]
      [Object]
        character = 0
        line = 0
      [Object]
        character = 3
        line = 0
    uri = [Object] "../../test-fixture/wxss/style-rule.wxss"
  [Object]
    range = [Array]
      [Object]
        character = 0
        line = 9
      [Object]
        character = 3
        line = 9
    uri = [Object] "../../test-fixture/wxss/style-rule.wxss"

// ====== SNAPSHOT 4 ======
[Array]
  [Object]
    range = [Array]
      [Object]
        character = 9
        line = 0
      [Object]
        character = 10
        line = 0
    uri = [Object] "../../test-fixture/wxss/global.wxml"
  [Object]
    range = [Array]
      [Object]
        character = 9
        line = 0
      [Object]
        character = 10
        line = 0
    uri = [Object] "../../test-fixture/wxss/global2.wxml"
  [Object]
    range = [Array]
      [Object]
        character = 9
        line = 0
      [Object]
        character = 10
        line = 0
    uri = [Object] "../../test-fixture/wxss/style-rule.wxml"
  [Object]
    range = [Array]
      [Object]
        character = 3
        line = 0
      [Object]
        character = 5
        line = 0
    uri = [Object] "../../test-fixture/wxss/style-rule.wxss"
  [Object]
    range = [Array]
      [Object]
        character = 0
        line = 11
      [Object]
        character = 2
        line = 11
    uri = [Object] "../../test-fixture/wxss/style-rule.wxss"

// ====== SNAPSHOT 5 ======
[Array]
  [Object]
    range = [Array]
      [Object]
        character = 32
        line = 0
      [Object]
        character = 36
        line = 0
    uri = [Object] "../../test-fixture/wxss/global.wxml"
  [Object]
    range = [Array]
      [Object]
        character = 29
        line = 0
      [Object]
        character = 34
        line = 0
    uri = [Object] "../../test-fixture/wxss/global2.wxml"
  [Object]
    range = [Array]
      [Object]
        character = 19
        line = 0
      [Object]
        character = 23
        line = 0
    uri = [Object] "../../test-fixture/wxss/style-rule.wxml"
  [Object]
    range = [Array]
      [Object]
        character = 5
        line = 0
      [Object]
        character = 9
        line = 0
    uri = [Object] "../../test-fixture/wxss/style-rule.wxss"
  [Object]
    range = [Array]
      [Object]
        character = 0
        line = 13
      [Object]
        character = 4
        line = 13
    uri = [Object] "../../test-fixture/wxss/style-rule.wxss"

