// ====== SNAPSHOT 0 ======
Array [
  Vd {
    "canDecreaseVerbosity": undefined,
    "canIncreaseVerbosity": undefined,
    "contents": Array [
      Q1 {},
    ],
    "range": Array [
      Object {
        "character": 1,
        "line": 0,
      },
      Object {
        "character": 5,
        "line": 0,
      },
    ],
  },
]
// ====== SNAPSHOT 1 ======
Array [
  Vd {
    "canDecreaseVerbosity": undefined,
    "canIncreaseVerbosity": undefined,
    "contents": Array [
      Q1 {},
    ],
    "range": Array [
      Object {
        "character": 6,
        "line": 0,
      },
      Object {
        "character": 12,
        "line": 0,
      },
    ],
  },
]
// ====== SNAPSHOT 2 ======
Array [
  Vd {
    "canDecreaseVerbosity": undefined,
    "canIncreaseVerbosity": undefined,
    "contents": Array [
      Q1 {},
    ],
    "range": Array [
      Object {
        "character": 18,
        "line": 0,
      },
      Object {
        "character": 21,
        "line": 0,
      },
    ],
  },
]
// ====== SNAPSHOT 3 ======
Array [
  Vd {
    "canDecreaseVerbosity": undefined,
    "canIncreaseVerbosity": undefined,
    "contents": Array [
      Q1 {},
    ],
    "range": Array [
      Object {
        "character": 35,
        "line": 0,
      },
      Object {
        "character": 45,
        "line": 0,
      },
    ],
  },
]
// ====== SNAPSHOT 4 ======
Array [
  Vd {
    "canDecreaseVerbosity": undefined,
    "canIncreaseVerbosity": undefined,
    "contents": Array [
      Q1 {},
    ],
    "range": Array [
      Object {
        "character": 1,
        "line": 2,
      },
      Object {
        "character": 4,
        "line": 2,
      },
    ],
  },
]
// ====== SNAPSHOT 5 ======
Array [
  Vd {
    "canDecreaseVerbosity": undefined,
    "canIncreaseVerbosity": undefined,
    "contents": Array [
      Q1 {},
    ],
    "range": Array [
      Object {
        "character": 5,
        "line": 2,
      },
      Object {
        "character": 11,
        "line": 2,
      },
    ],
  },
]
// ====== SNAPSHOT 6 ======
Array [
  Vd {
    "canDecreaseVerbosity": undefined,
    "canIncreaseVerbosity": undefined,
    "contents": Array [
      Q1 {},
    ],
    "range": Array [
      Object {
        "character": 17,
        "line": 2,
      },
      Object {
        "character": 20,
        "line": 2,
      },
    ],
  },
]
// ====== SNAPSHOT 7 ======
Array [
  Vd {
    "canDecreaseVerbosity": undefined,
    "canIncreaseVerbosity": undefined,
    "contents": Array [
      Q1 {},
    ],
    "range": Array [
      Object {
        "character": 34,
        "line": 2,
      },
      Object {
        "character": 39,
        "line": 2,
      },
    ],
  },
]
// ====== SNAPSHOT 8 ======
Array []
// ====== SNAPSHOT 9 ======
Array [
  Vd {
    "canDecreaseVerbosity": undefined,
    "canIncreaseVerbosity": undefined,
    "contents": Array [
      Q1 {},
    ],
    "range": Array [
      Object {
        "character": 1,
        "line": 4,
      },
      Object {
        "character": 8,
        "line": 4,
      },
    ],
  },
]
// ====== SNAPSHOT 10 ======
Array [
  Vd {
    "canDecreaseVerbosity": undefined,
    "canIncreaseVerbosity": undefined,
    "contents": Array [
      Q1 {},
    ],
    "range": Array [
      Object {
        "character": 14,
        "line": 4,
      },
      Object {
        "character": 17,
        "line": 4,
      },
    ],
  },
]
// ====== SNAPSHOT 11 ======
Array []
// ====== SNAPSHOT 12 ======
Array [
  Vd {
    "canDecreaseVerbosity": undefined,
    "canIncreaseVerbosity": undefined,
    "contents": Array [
      Q1 {},
    ],
    "range": Array [
      Object {
        "character": 11,
        "line": 6,
      },
      Object {
        "character": 14,
        "line": 6,
      },
    ],
  },
]
