// ====== SNAPSHOT 0 ======
[Array]
  [Object]
    contents = [Array]
      [Object]
    range = [Array]
      [Object]
        character = 9
        line = 3
      [Object]
        character = 10
        line = 3

// ====== SNAPSHOT 1 ======
[Array]
  [Object]
    contents = [Array]
      [Object]
    range = [Array]
      [Object]
        character = 17
        line = 3
      [Object]
        character = 18
        line = 3

