// ====== SNAPSHOT 0 ======
[Array]

// ====== SNAPSHOT 1 ======
[Array]
  [Object]
    originSelectionRange = [Array]
      [Object]
        character = 10
        line = 0
      [Object]
        character = 13
        line = 0
    targetRange = [Array]
      [Object]
        character = 10
        line = 0
      [Object]
        character = 13
        line = 0
    targetSelectionRange = [Array]
      [Object]
        character = 10
        line = 0
      [Object]
        character = 13
        line = 0
    targetUri = [Object] "../../test-fixture/wxml/core-attribute.wxml"

// ====== SNAPSHOT 2 ======
[Array]
  [Object]
    originSelectionRange = [Array]
      [Object]
        character = 33
        line = 0
      [Object]
        character = 44
        line = 0
    targetRange = [Array]
      [Object]
        character = 33
        line = 0
      [Object]
        character = 44
        line = 0
    targetSelectionRange = [Array]
      [Object]
        character = 33
        line = 0
      [Object]
        character = 44
        line = 0
    targetUri = [Object] "../../test-fixture/wxml/core-attribute.wxml"

// ====== SNAPSHOT 3 ======
[Array]
  [Object]
    originSelectionRange = [Array]
      [Object]
        character = 1
        line = 4
      [Object]
        character = 5
        line = 4
    targetRange = [Array]
      [Object]
        character = 0
        line = 0
      [Object]
        character = 0
        line = 0
    targetSelectionRange = [Array]
      [Object]
        character = 0
        line = 0
      [Object]
        character = 0
        line = 0
    targetUri = [Object] "../../test-fixture/wxml/component.wxml"

