// ====== SNAPSHOT 0 ======
Array []
// ====== SNAPSHOT 1 ======
Array [
  Object {
    "originSelectionRange": Array [
      Object {
        "character": 10,
        "line": 0,
      },
      Object {
        "character": 13,
        "line": 0,
      },
    ],
    "targetRange": Array [
      Object {
        "character": 10,
        "line": 0,
      },
      Object {
        "character": 13,
        "line": 0,
      },
    ],
    "targetSelectionRange": Array [
      Object {
        "character": 10,
        "line": 0,
      },
      Object {
        "character": 13,
        "line": 0,
      },
    ],
    "targetUri": Object {
      "$mid": 1,
      "path": "/Users/lastleaf/work/wxweb/glass-easel-analyzer/vscode-extension/test-fixture/wxml/core-attribute.wxml",
      "scheme": "file",
    },
  },
]
// ====== SNAPSHOT 2 ======
Array [
  Object {
    "originSelectionRange": Array [
      Object {
        "character": 33,
        "line": 0,
      },
      Object {
        "character": 44,
        "line": 0,
      },
    ],
    "targetRange": Array [
      Object {
        "character": 33,
        "line": 0,
      },
      Object {
        "character": 44,
        "line": 0,
      },
    ],
    "targetSelectionRange": Array [
      Object {
        "character": 33,
        "line": 0,
      },
      Object {
        "character": 44,
        "line": 0,
      },
    ],
    "targetUri": Object {
      "$mid": 1,
      "path": "/Users/lastleaf/work/wxweb/glass-easel-analyzer/vscode-extension/test-fixture/wxml/core-attribute.wxml",
      "scheme": "file",
    },
  },
]
// ====== SNAPSHOT 3 ======
Array [
  Object {
    "originSelectionRange": Array [
      Object {
        "character": 1,
        "line": 4,
      },
      Object {
        "character": 5,
        "line": 4,
      },
    ],
    "targetRange": Array [
      Object {
        "character": 0,
        "line": 0,
      },
      Object {
        "character": 0,
        "line": 0,
      },
    ],
    "targetSelectionRange": Array [
      Object {
        "character": 0,
        "line": 0,
      },
      Object {
        "character": 0,
        "line": 0,
      },
    ],
    "targetUri": Object {
      "$mid": 1,
      "path": "/Users/lastleaf/work/wxweb/glass-easel-analyzer/vscode-extension/test-fixture/wxml/component.wxml",
      "scheme": "file",
    },
  },
]
