// ====== SNAPSHOT 0 ======
Array [
  Object {
    "originSelectionRange": Array [
      Object {
        "character": 3,
        "line": 1,
      },
      Object {
        "character": 7,
        "line": 1,
      },
    ],
    "targetRange": Array [
      Object {
        "character": 0,
        "line": 0,
      },
      Object {
        "character": 0,
        "line": 0,
      },
    ],
    "targetSelectionRange": Array [
      Object {
        "character": 0,
        "line": 0,
      },
      Object {
        "character": 0,
        "line": 0,
      },
    ],
    "targetUri": Object {
      "$mid": 1,
      "path": "/Users/lastleaf/work/wxweb/glass-easel-analyzer/vscode-extension/test-fixture/wxml/component.wxml",
      "scheme": "file",
    },
  },
]
// ====== SNAPSHOT 1 ======
Array [
  Object {
    "originSelectionRange": Array [
      Object {
        "character": 7,
        "line": 2,
      },
      Object {
        "character": 8,
        "line": 2,
      },
    ],
    "targetRange": Array [
      Object {
        "character": 13,
        "line": 1,
      },
      Object {
        "character": 14,
        "line": 1,
      },
    ],
    "targetSelectionRange": Array [
      Object {
        "character": 13,
        "line": 1,
      },
      Object {
        "character": 14,
        "line": 1,
      },
    ],
    "targetUri": Object {
      "$mid": 1,
      "path": "/Users/lastleaf/work/wxweb/glass-easel-analyzer/vscode-extension/test-fixture/wxml/slot-value.wxml",
      "scheme": "file",
    },
  },
]
// ====== SNAPSHOT 2 ======
Array []
// ====== SNAPSHOT 3 ======
Array [
  Object {
    "originSelectionRange": Array [
      Object {
        "character": 15,
        "line": 2,
      },
      Object {
        "character": 16,
        "line": 2,
      },
    ],
    "targetRange": Array [
      Object {
        "character": 23,
        "line": 1,
      },
      Object {
        "character": 24,
        "line": 1,
      },
    ],
    "targetSelectionRange": Array [
      Object {
        "character": 23,
        "line": 1,
      },
      Object {
        "character": 24,
        "line": 1,
      },
    ],
    "targetUri": Object {
      "$mid": 1,
      "path": "/Users/lastleaf/work/wxweb/glass-easel-analyzer/vscode-extension/test-fixture/wxml/slot-value.wxml",
      "scheme": "file",
    },
  },
]
