// ====== SNAPSHOT 0 ======
[Array]
  [Object]
    containerName = ""
    kind = "Module"
    location = [Object]
      range = [Array]
        [Object]
          character = 0
          line = 0
        [Object]
          character = 6
          line = 11
      uri = [Object] "../../test-fixture/wxml/wxs-inline.wxml"
    name = "js"

