// ====== SNAPSHOT 0 ======
[Array]
  [Object]
    containerName = ""
    kind = "Module"
    location = [Object]
      range = [Array]
        [Object]
          character = 0
          line = 0
        [Object]
          character = 6
          line = 4
      uri = [Object] "../../test-fixture/wxml/wxs.wxml"
    name = "helloScript"
  [Object]
    containerName = ""
    kind = "Module"
    location = [Object]
      range = [Array]
        [Object]
          character = 0
          line = 6
        [Object]
          character = 49
          line = 6
      uri = [Object] "../../test-fixture/wxml/wxs.wxml"
    name = "helloExternalScript"

