// ====== SNAPSHOT 0 ======
Array [
  Object {
    "range": Array [
      Object {
        "character": 1,
        "line": 0,
      },
      Object {
        "character": 5,
        "line": 0,
      },
    ],
    "uri": Object {
      "$mid": 1,
      "external": "file:///Users/lastleaf/work/wxweb/glass-easel-analyzer/vscode-extension/test-fixture/wxml/core-attribute.wxml",
      "path": "/Users/lastleaf/work/wxweb/glass-easel-analyzer/vscode-extension/test-fixture/wxml/core-attribute.wxml",
      "scheme": "file",
    },
  },
  Object {
    "range": Array [
      Object {
        "character": 0,
        "line": 0,
      },
      Object {
        "character": 4,
        "line": 0,
      },
    ],
    "uri": Object {
      "$mid": 1,
      "external": "file:///Users/lastleaf/work/wxweb/glass-easel-analyzer/vscode-extension/test-fixture/wxml/core-attribute.wxss",
      "path": "/Users/lastleaf/work/wxweb/glass-easel-analyzer/vscode-extension/test-fixture/wxml/core-attribute.wxss",
      "scheme": "file",
    },
  },
]
// ====== SNAPSHOT 1 ======
Array [
  Object {
    "range": Array [
      Object {
        "character": 10,
        "line": 0,
      },
      Object {
        "character": 13,
        "line": 0,
      },
    ],
    "uri": Object {
      "$mid": 1,
      "external": "file:///Users/lastleaf/work/wxweb/glass-easel-analyzer/vscode-extension/test-fixture/wxml/core-attribute.wxml",
      "path": "/Users/lastleaf/work/wxweb/glass-easel-analyzer/vscode-extension/test-fixture/wxml/core-attribute.wxml",
      "scheme": "file",
    },
  },
  Object {
    "range": Array [
      Object {
        "character": 0,
        "line": 2,
      },
      Object {
        "character": 4,
        "line": 2,
      },
    ],
    "uri": Object {
      "$mid": 1,
      "external": "file:///Users/lastleaf/work/wxweb/glass-easel-analyzer/vscode-extension/test-fixture/wxml/core-attribute.wxss",
      "path": "/Users/lastleaf/work/wxweb/glass-easel-analyzer/vscode-extension/test-fixture/wxml/core-attribute.wxss",
      "scheme": "file",
    },
  },
]
// ====== SNAPSHOT 2 ======
Array [
  Object {
    "range": Array [
      Object {
        "character": 33,
        "line": 0,
      },
      Object {
        "character": 44,
        "line": 0,
      },
    ],
    "uri": Object {
      "$mid": 1,
      "external": "file:///Users/lastleaf/work/wxweb/glass-easel-analyzer/vscode-extension/test-fixture/wxml/core-attribute.wxml",
      "path": "/Users/lastleaf/work/wxweb/glass-easel-analyzer/vscode-extension/test-fixture/wxml/core-attribute.wxml",
      "scheme": "file",
    },
  },
  Object {
    "range": Array [
      Object {
        "character": 0,
        "line": 4,
      },
      Object {
        "character": 12,
        "line": 4,
      },
    ],
    "uri": Object {
      "$mid": 1,
      "external": "file:///Users/lastleaf/work/wxweb/glass-easel-analyzer/vscode-extension/test-fixture/wxml/core-attribute.wxss",
      "path": "/Users/lastleaf/work/wxweb/glass-easel-analyzer/vscode-extension/test-fixture/wxml/core-attribute.wxss",
      "scheme": "file",
    },
  },
]
