// ====== SNAPSHOT 0 ======
[Array]
  [Object]
    range = [Array]
      [Object]
        character = 1
        line = 0
      [Object]
        character = 5
        line = 0
    uri = [Object] "../../test-fixture/wxml/core-attribute.wxml"
  [Object]
    range = [Array]
      [Object]
        character = 0
        line = 0
      [Object]
        character = 4
        line = 0
    uri = [Object] "../../test-fixture/wxml/core-attribute.wxss"

// ====== SNAPSHOT 1 ======
[Array]
  [Object]
    range = [Array]
      [Object]
        character = 10
        line = 0
      [Object]
        character = 13
        line = 0
    uri = [Object] "../../test-fixture/wxml/core-attribute.wxml"
  [Object]
    range = [Array]
      [Object]
        character = 0
        line = 2
      [Object]
        character = 4
        line = 2
    uri = [Object] "../../test-fixture/wxml/core-attribute.wxss"

// ====== SNAPSHOT 2 ======
[Array]
  [Object]
    range = [Array]
      [Object]
        character = 33
        line = 0
      [Object]
        character = 44
        line = 0
    uri = [Object] "../../test-fixture/wxml/core-attribute.wxml"
  [Object]
    range = [Array]
      [Object]
        character = 0
        line = 4
      [Object]
        character = 12
        line = 4
    uri = [Object] "../../test-fixture/wxml/core-attribute.wxss"

// ====== SNAPSHOT 3 ======
[Array]
  [Object]
    range = [Array]
      [Object]
        character = 0
        line = 0
      [Object]
        character = 0
        line = 0
    uri = [Object] "../../test-fixture/wxml/component.wxml"
  [Object]
    range = [Array]
      [Object]
        character = 1
        line = 4
      [Object]
        character = 5
        line = 4
    uri = [Object] "../../test-fixture/wxml/core-attribute.wxml"
  [Object]
    range = [Array]
      [Object]
        character = 3
        line = 1
      [Object]
        character = 12
        line = 1
    uri = [Object] "../../test-fixture/wxml/slot-value.wxml"

