// ====== SNAPSHOT 0 ======
[Array]

// ====== SNAPSHOT 1 ======
[Array]

// ====== SNAPSHOT 2 ======
[Array]
  [Object]
    range = [Array]
      [Object]
        character = 16
        line = 0
      [Object]
        character = 31
        line = 0
    uri = [Object] "../../test-fixture/wxml/global2.wxml"
  [Object]
    range = [Array]
      [Object]
        character = 14
        line = 3
      [Object]
        character = 29
        line = 3
    uri = [Object] "../../test-fixture/wxml/import.wxml"

