// ====== SNAPSHOT 0 ======
[Array]
  [Object]
    range = [Array]
      [Object]
        character = 57
        line = 0
      [Object]
        character = 58
        line = 0
    uri = [Object] "../../test-fixture/wxml/wx-for.wxml"
  [Object]
    range = [Array]
      [Object]
        character = 11
        line = 1
      [Object]
        character = 12
        line = 1
    uri = [Object] "../../test-fixture/wxml/wx-for.wxml"

// ====== SNAPSHOT 1 ======
[Array]
  [Object]
    range = [Array]
      [Object]
        character = 40
        line = 0
      [Object]
        character = 41
        line = 0
    uri = [Object] "../../test-fixture/wxml/wx-for.wxml"
  [Object]
    range = [Array]
      [Object]
        character = 21
        line = 1
      [Object]
        character = 22
        line = 1
    uri = [Object] "../../test-fixture/wxml/wx-for.wxml"

