// ====== SNAPSHOT 0 ======
[Array]
  [Object]
    range = [Array]
      [Object]
        character = 13
        line = 0
      [Object]
        character = 24
        line = 0
    uri = [Object] "../../test-fixture/wxml/wxs.wxml"
  [Object]
    range = [Array]
      [Object]
        character = 11
        line = 9
      [Object]
        character = 22
        line = 9
    uri = [Object] "../../test-fixture/wxml/wxs.wxml"

// ====== SNAPSHOT 1 ======
[Array]
  [Object]
    range = [Array]
      [Object]
        character = 13
        line = 6
      [Object]
        character = 32
        line = 6
    uri = [Object] "../../test-fixture/wxml/wxs.wxml"
  [Object]
    range = [Array]
      [Object]
        character = 11
        line = 10
      [Object]
        character = 30
        line = 10
    uri = [Object] "../../test-fixture/wxml/wxs.wxml"

// ====== SNAPSHOT 2 ======
[Array]
  [Object]
    range = [Array]
      [Object]
        character = 39
        line = 8
      [Object]
        character = 40
        line = 8
    uri = [Object] "../../test-fixture/wxml/wxs.wxml"
  [Object]
    range = [Array]
      [Object]
        character = 11
        line = 11
      [Object]
        character = 12
        line = 11
    uri = [Object] "../../test-fixture/wxml/wxs.wxml"

// ====== SNAPSHOT 3 ======
[Array]

