// ====== SNAPSHOT 0 ======
[Object]
  isIncomplete = false
  items = [Array]
    [Object]
      insertText = "color"
      kind = "Property"
      label = "color"
      sortText = "color"
    [Object]
      insertText = "display"
      kind = "Property"
      label = "display"
      sortText = "display"

// ====== SNAPSHOT 1 ======
[Object]
  isIncomplete = false
  items = [Array]
    [Object]
      insertText = "active"
      kind = "Operator"
      label = "active"
      sortText = "active"
    [Object]
      insertText = "hover"
      kind = "Operator"
      label = "hover"
      sortText = "hover"

// ====== SNAPSHOT 2 ======
[Object]
  isIncomplete = false
  items = [Array]
    [Object]
      insertText = "after"
      kind = "Operator"
      label = "after"
      sortText = "after"
    [Object]
      insertText = "before"
      kind = "Operator"
      label = "before"
      sortText = "before"

// ====== SNAPSHOT 3 ======
[Object]
  isIncomplete = false
  items = [Array]
    [Object]
      insertText = "color"
      kind = "Property"
      label = "color"
      sortText = "color"
    [Object]
      insertText = "display"
      kind = "Property"
      label = "display"
      sortText = "display"

// ====== SNAPSHOT 4 ======
[Object]
  isIncomplete = false
  items = [Array]
    [Object]
      insertText = "a"
      kind = "Variable"
      label = "a"
      sortText = "a"

// ====== SNAPSHOT 5 ======
[Object]
  isIncomplete = false
  items = [Array]
    [Object]
      insertText = "b-c"
      kind = "Variable"
      label = "b-c"
      sortText = "b-c"

