// ====== SNAPSHOT 0 ======
[Array]
  [Object]
    originSelectionRange = [Array]
      [Object]
        character = 0
        line = 0
      [Object]
        character = 3
        line = 0
    targetRange = [Array]
      [Object]
        character = 0
        line = 0
      [Object]
        character = 3
        line = 0
    targetSelectionRange = [Array]
      [Object]
        character = 0
        line = 0
      [Object]
        character = 3
        line = 0
    targetUri = [Object] "../../test-fixture/wxss/style-rule.wxss"

// ====== SNAPSHOT 1 ======
[Array]
  [Object]
    originSelectionRange = [Array]
      [Object]
        character = 3
        line = 0
      [Object]
        character = 5
        line = 0
    targetRange = [Array]
      [Object]
        character = 3
        line = 0
      [Object]
        character = 5
        line = 0
    targetSelectionRange = [Array]
      [Object]
        character = 3
        line = 0
      [Object]
        character = 5
        line = 0
    targetUri = [Object] "../../test-fixture/wxss/style-rule.wxss"

// ====== SNAPSHOT 2 ======
[Array]
  [Object]
    originSelectionRange = [Array]
      [Object]
        character = 5
        line = 0
      [Object]
        character = 9
        line = 0
    targetRange = [Array]
      [Object]
        character = 5
        line = 0
      [Object]
        character = 9
        line = 0
    targetSelectionRange = [Array]
      [Object]
        character = 5
        line = 0
      [Object]
        character = 9
        line = 0
    targetUri = [Object] "../../test-fixture/wxss/style-rule.wxss"

// ====== SNAPSHOT 3 ======
[Array]
  [Object]
    originSelectionRange = [Array]
      [Object]
        character = 0
        line = 9
      [Object]
        character = 3
        line = 9
    targetRange = [Array]
      [Object]
        character = 0
        line = 9
      [Object]
        character = 3
        line = 9
    targetSelectionRange = [Array]
      [Object]
        character = 0
        line = 9
      [Object]
        character = 3
        line = 9
    targetUri = [Object] "../../test-fixture/wxss/style-rule.wxss"

// ====== SNAPSHOT 4 ======
[Array]
  [Object]
    originSelectionRange = [Array]
      [Object]
        character = 0
        line = 11
      [Object]
        character = 2
        line = 11
    targetRange = [Array]
      [Object]
        character = 0
        line = 11
      [Object]
        character = 2
        line = 11
    targetSelectionRange = [Array]
      [Object]
        character = 0
        line = 11
      [Object]
        character = 2
        line = 11
    targetUri = [Object] "../../test-fixture/wxss/style-rule.wxss"

// ====== SNAPSHOT 5 ======
[Array]
  [Object]
    originSelectionRange = [Array]
      [Object]
        character = 0
        line = 13
      [Object]
        character = 4
        line = 13
    targetRange = [Array]
      [Object]
        character = 0
        line = 13
      [Object]
        character = 4
        line = 13
    targetSelectionRange = [Array]
      [Object]
        character = 0
        line = 13
      [Object]
        character = 4
        line = 13
    targetUri = [Object] "../../test-fixture/wxss/style-rule.wxss"

