// ====== SNAPSHOT 0 ======
Na {
  "data": Uint32Array [
    0,
    8,
    3,
    6,
    0,
    0,
    5,
    6,
    8,
    1,
    2,
    10,
    2,
    6,
    0,
    0,
    4,
    15,
    8,
    0,
    2,
    9,
    3,
    6,
    0,
    0,
    0,
    3,
    6,
    0,
    0,
    5,
    6,
    8,
    1,
    0,
    0,
    6,
    8,
    0,
  ],
  "resultId": undefined,
}
