// ====== SNAPSHOT 0 ======
xa {
  "isIncomplete": false,
  "items": Array [
    Object {
      "detail": undefined,
      "documentation": undefined,
      "filterText": undefined,
      "insertText": "div",
      "kind": "Class",
      "label": "div",
      "preselect": undefined,
      "sortText": "div",
      "textEdit": undefined,
    },
    Object {
      "detail": undefined,
      "documentation": undefined,
      "filterText": undefined,
      "insertText": "view",
      "kind": "Class",
      "label": "view",
      "preselect": undefined,
      "sortText": "view",
      "textEdit": undefined,
    },
  ],
}
// ====== SNAPSHOT 1 ======
xa {
  "isIncomplete": false,
  "items": Array [
    Object {
      "detail": undefined,
      "documentation": undefined,
      "filterText": undefined,
      "insertText": no {
        "e": 1,
        "value": "bind:${1|hoverend,canceltap|}=\"$0\"",
      },
      "kind": "Keyword",
      "label": "bind:",
      "preselect": undefined,
      "sortText": "bind:",
      "textEdit": undefined,
    },
    Object {
      "detail": undefined,
      "documentation": undefined,
      "filterText": undefined,
      "insertText": no {
        "e": 1,
        "value": "capture-bind:${1|hoverend,canceltap|}=\"$0\"",
      },
      "kind": "Keyword",
      "label": "capture-bind:",
      "preselect": undefined,
      "sortText": "capture-bind:",
      "textEdit": undefined,
    },
    Object {
      "detail": undefined,
      "documentation": undefined,
      "filterText": undefined,
      "insertText": no {
        "e": 1,
        "value": "capture-catch:${1|hoverend,canceltap|}=\"$0\"",
      },
      "kind": "Keyword",
      "label": "capture-catch:",
      "preselect": undefined,
      "sortText": "capture-catch:",
      "textEdit": undefined,
    },
    Object {
      "detail": undefined,
      "documentation": undefined,
      "filterText": undefined,
      "insertText": no {
        "e": 1,
        "value": "capture-mut-bind:${1|hoverend,canceltap|}=\"$0\"",
      },
      "kind": "Keyword",
      "label": "capture-mut-bind:",
      "preselect": undefined,
      "sortText": "capture-mut-bind:",
      "textEdit": undefined,
    },
    Object {
      "detail": undefined,
      "documentation": undefined,
      "filterText": undefined,
      "insertText": no {
        "e": 1,
        "value": "catch:${1|hoverend,canceltap|}=\"$0\"",
      },
      "kind": "Keyword",
      "label": "catch:",
      "preselect": undefined,
      "sortText": "catch:",
      "textEdit": undefined,
    },
    Object {
      "detail": undefined,
      "documentation": undefined,
      "filterText": undefined,
      "insertText": no {
        "e": 1,
        "value": "class=\"$0\"",
      },
      "kind": "Keyword",
      "label": "class",
      "preselect": undefined,
      "sortText": "class",
      "textEdit": undefined,
    },
    Object {
      "detail": undefined,
      "documentation": undefined,
      "filterText": undefined,
      "insertText": no {
        "e": 1,
        "value": "data:$1=\"$0\"",
      },
      "kind": "Keyword",
      "label": "data:",
      "preselect": undefined,
      "sortText": "data:",
      "textEdit": undefined,
    },
    Object {
      "detail": undefined,
      "documentation": undefined,
      "filterText": undefined,
      "insertText": no {
        "e": 1,
        "value": "generic:$1=\"$0\"",
      },
      "kind": "Keyword",
      "label": "generic:",
      "preselect": undefined,
      "sortText": "generic:",
      "textEdit": undefined,
    },
    Object {
      "detail": undefined,
      "documentation": undefined,
      "filterText": undefined,
      "insertText": no {
        "e": 1,
        "value": "id=\"$0\"",
      },
      "kind": "Keyword",
      "label": "id",
      "preselect": undefined,
      "sortText": "id",
      "textEdit": undefined,
    },
    Object {
      "detail": undefined,
      "documentation": undefined,
      "filterText": undefined,
      "insertText": no {
        "e": 1,
        "value": "mark:$1=\"$0\"",
      },
      "kind": "Keyword",
      "label": "mark:",
      "preselect": undefined,
      "sortText": "mark:",
      "textEdit": undefined,
    },
    Object {
      "detail": undefined,
      "documentation": undefined,
      "filterText": undefined,
      "insertText": no {
        "e": 1,
        "value": "mut-bind:${1|hoverend,canceltap|}=\"$0\"",
      },
      "kind": "Keyword",
      "label": "mut-bind:",
      "preselect": undefined,
      "sortText": "mut-bind:",
      "textEdit": undefined,
    },
    Object {
      "detail": undefined,
      "documentation": undefined,
      "filterText": undefined,
      "insertText": no {
        "e": 1,
        "value": "slot=\"$0\"",
      },
      "kind": "Keyword",
      "label": "slot",
      "preselect": undefined,
      "sortText": "slot",
      "textEdit": undefined,
    },
    Object {
      "detail": undefined,
      "documentation": undefined,
      "filterText": undefined,
      "insertText": no {
        "e": 1,
        "value": "slot:$1=\"$0\"",
      },
      "kind": "Keyword",
      "label": "slot:",
      "preselect": undefined,
      "sortText": "slot:",
      "textEdit": undefined,
    },
    Object {
      "detail": undefined,
      "documentation": undefined,
      "filterText": undefined,
      "insertText": no {
        "e": 1,
        "value": "style=\"$0\"",
      },
      "kind": "Keyword",
      "label": "style",
      "preselect": undefined,
      "sortText": "style",
      "textEdit": undefined,
    },
    Object {
      "detail": undefined,
      "documentation": undefined,
      "filterText": undefined,
      "insertText": no {
        "e": 1,
        "value": "wx:elif=\"$0\"",
      },
      "kind": "Keyword",
      "label": "wx:elif",
      "preselect": undefined,
      "sortText": "wx:elif",
      "textEdit": undefined,
    },
    Object {
      "detail": undefined,
      "documentation": undefined,
      "filterText": undefined,
      "insertText": no {
        "e": 1,
        "value": "wx:else=\"$0\"",
      },
      "kind": "Keyword",
      "label": "wx:else",
      "preselect": undefined,
      "sortText": "wx:else",
      "textEdit": undefined,
    },
    Object {
      "detail": undefined,
      "documentation": undefined,
      "filterText": undefined,
      "insertText": no {
        "e": 1,
        "value": "wx:for=\"$0\"",
      },
      "kind": "Keyword",
      "label": "wx:for",
      "preselect": undefined,
      "sortText": "wx:for",
      "textEdit": undefined,
    },
    Object {
      "detail": undefined,
      "documentation": undefined,
      "filterText": undefined,
      "insertText": no {
        "e": 1,
        "value": "wx:for-index=\"$0\"",
      },
      "kind": "Keyword",
      "label": "wx:for-index",
      "preselect": undefined,
      "sortText": "wx:for-index",
      "textEdit": undefined,
    },
    Object {
      "detail": undefined,
      "documentation": undefined,
      "filterText": undefined,
      "insertText": no {
        "e": 1,
        "value": "wx:for-item=\"$0\"",
      },
      "kind": "Keyword",
      "label": "wx:for-item",
      "preselect": undefined,
      "sortText": "wx:for-item",
      "textEdit": undefined,
    },
    Object {
      "detail": undefined,
      "documentation": undefined,
      "filterText": undefined,
      "insertText": no {
        "e": 1,
        "value": "wx:if=\"$0\"",
      },
      "kind": "Keyword",
      "label": "wx:if",
      "preselect": undefined,
      "sortText": "wx:if",
      "textEdit": undefined,
    },
    Object {
      "detail": undefined,
      "documentation": undefined,
      "filterText": undefined,
      "insertText": no {
        "e": 1,
        "value": "wx:key=\"$0\"",
      },
      "kind": "Keyword",
      "label": "wx:key",
      "preselect": undefined,
      "sortText": "wx:key",
      "textEdit": undefined,
    },
  ],
}
// ====== SNAPSHOT 2 ======
xa {
  "isIncomplete": false,
  "items": Array [
    Object {
      "detail": undefined,
      "documentation": undefined,
      "filterText": undefined,
      "insertText": "canceltap",
      "kind": "Variable",
      "label": "canceltap",
      "preselect": undefined,
      "sortText": "canceltap",
      "textEdit": undefined,
    },
    Object {
      "detail": undefined,
      "documentation": undefined,
      "filterText": undefined,
      "insertText": "hoverend",
      "kind": "Variable",
      "label": "hoverend",
      "preselect": undefined,
      "sortText": "hoverend",
      "textEdit": undefined,
    },
  ],
}
// ====== SNAPSHOT 3 ======
xa {
  "isIncomplete": false,
  "items": Array [
    Object {
      "detail": undefined,
      "documentation": undefined,
      "filterText": undefined,
      "insertText": "div",
      "kind": "Class",
      "label": "div",
      "preselect": undefined,
      "sortText": "div",
      "textEdit": undefined,
    },
    Object {
      "detail": undefined,
      "documentation": undefined,
      "filterText": undefined,
      "insertText": "view",
      "kind": "Class",
      "label": "view",
      "preselect": undefined,
      "sortText": "view",
      "textEdit": undefined,
    },
  ],
}
// ====== SNAPSHOT 4 ======
xa {
  "isIncomplete": false,
  "items": Array [
    Object {
      "detail": undefined,
      "documentation": undefined,
      "filterText": undefined,
      "insertText": "canceltap",
      "kind": "Variable",
      "label": "canceltap",
      "preselect": undefined,
      "sortText": "canceltap",
      "textEdit": undefined,
    },
  ],
}
// ====== SNAPSHOT 5 ======
xa {
  "isIncomplete": false,
  "items": Array [
    Object {
      "detail": undefined,
      "documentation": undefined,
      "filterText": undefined,
      "insertText": "div",
      "kind": "Class",
      "label": "div",
      "preselect": undefined,
      "sortText": "div",
      "textEdit": undefined,
    },
    Object {
      "detail": undefined,
      "documentation": undefined,
      "filterText": undefined,
      "insertText": "view",
      "kind": "Class",
      "label": "view",
      "preselect": undefined,
      "sortText": "view",
      "textEdit": undefined,
    },
  ],
}
// ====== SNAPSHOT 6 ======
xa {
  "isIncomplete": false,
  "items": Array [
    Object {
      "detail": undefined,
      "documentation": undefined,
      "filterText": undefined,
      "insertText": no {
        "e": 1,
        "value": "class=\"$0\"",
      },
      "kind": "Keyword",
      "label": "class",
      "preselect": undefined,
      "sortText": "class",
      "textEdit": undefined,
    },
    Object {
      "detail": undefined,
      "documentation": undefined,
      "filterText": undefined,
      "insertText": no {
        "e": 1,
        "value": "data:$1=\"$0\"",
      },
      "kind": "Keyword",
      "label": "data:",
      "preselect": undefined,
      "sortText": "data:",
      "textEdit": undefined,
    },
    Object {
      "detail": undefined,
      "documentation": undefined,
      "filterText": undefined,
      "insertText": no {
        "e": 1,
        "value": "generic:$1=\"$0\"",
      },
      "kind": "Keyword",
      "label": "generic:",
      "preselect": undefined,
      "sortText": "generic:",
      "textEdit": undefined,
    },
    Object {
      "detail": undefined,
      "documentation": undefined,
      "filterText": undefined,
      "insertText": no {
        "e": 1,
        "value": "id=\"$0\"",
      },
      "kind": "Keyword",
      "label": "id",
      "preselect": undefined,
      "sortText": "id",
      "textEdit": undefined,
    },
    Object {
      "detail": undefined,
      "documentation": undefined,
      "filterText": undefined,
      "insertText": no {
        "e": 1,
        "value": "mark:$1=\"$0\"",
      },
      "kind": "Keyword",
      "label": "mark:",
      "preselect": undefined,
      "sortText": "mark:",
      "textEdit": undefined,
    },
    Object {
      "detail": undefined,
      "documentation": undefined,
      "filterText": undefined,
      "insertText": no {
        "e": 1,
        "value": "slot=\"$0\"",
      },
      "kind": "Keyword",
      "label": "slot",
      "preselect": undefined,
      "sortText": "slot",
      "textEdit": undefined,
    },
    Object {
      "detail": undefined,
      "documentation": undefined,
      "filterText": undefined,
      "insertText": no {
        "e": 1,
        "value": "slot:$1=\"$0\"",
      },
      "kind": "Keyword",
      "label": "slot:",
      "preselect": undefined,
      "sortText": "slot:",
      "textEdit": undefined,
    },
    Object {
      "detail": undefined,
      "documentation": undefined,
      "filterText": undefined,
      "insertText": no {
        "e": 1,
        "value": "style=\"$0\"",
      },
      "kind": "Keyword",
      "label": "style",
      "preselect": undefined,
      "sortText": "style",
      "textEdit": undefined,
    },
    Object {
      "detail": undefined,
      "documentation": undefined,
      "filterText": undefined,
      "insertText": no {
        "e": 1,
        "value": "wx:elif=\"$0\"",
      },
      "kind": "Keyword",
      "label": "wx:elif",
      "preselect": undefined,
      "sortText": "wx:elif",
      "textEdit": undefined,
    },
    Object {
      "detail": undefined,
      "documentation": undefined,
      "filterText": undefined,
      "insertText": no {
        "e": 1,
        "value": "wx:else=\"$0\"",
      },
      "kind": "Keyword",
      "label": "wx:else",
      "preselect": undefined,
      "sortText": "wx:else",
      "textEdit": undefined,
    },
    Object {
      "detail": undefined,
      "documentation": undefined,
      "filterText": undefined,
      "insertText": no {
        "e": 1,
        "value": "wx:for=\"$0\"",
      },
      "kind": "Keyword",
      "label": "wx:for",
      "preselect": undefined,
      "sortText": "wx:for",
      "textEdit": undefined,
    },
    Object {
      "detail": undefined,
      "documentation": undefined,
      "filterText": undefined,
      "insertText": no {
        "e": 1,
        "value": "wx:for-index=\"$0\"",
      },
      "kind": "Keyword",
      "label": "wx:for-index",
      "preselect": undefined,
      "sortText": "wx:for-index",
      "textEdit": undefined,
    },
    Object {
      "detail": undefined,
      "documentation": undefined,
      "filterText": undefined,
      "insertText": no {
        "e": 1,
        "value": "wx:for-item=\"$0\"",
      },
      "kind": "Keyword",
      "label": "wx:for-item",
      "preselect": undefined,
      "sortText": "wx:for-item",
      "textEdit": undefined,
    },
    Object {
      "detail": undefined,
      "documentation": undefined,
      "filterText": undefined,
      "insertText": no {
        "e": 1,
        "value": "wx:if=\"$0\"",
      },
      "kind": "Keyword",
      "label": "wx:if",
      "preselect": undefined,
      "sortText": "wx:if",
      "textEdit": undefined,
    },
    Object {
      "detail": undefined,
      "documentation": undefined,
      "filterText": undefined,
      "insertText": no {
        "e": 1,
        "value": "wx:key=\"$0\"",
      },
      "kind": "Keyword",
      "label": "wx:key",
      "preselect": undefined,
      "sortText": "wx:key",
      "textEdit": undefined,
    },
  ],
}
// ====== SNAPSHOT 7 ======
xa {
  "isIncomplete": false,
  "items": Array [
    Object {
      "detail": undefined,
      "documentation": undefined,
      "filterText": undefined,
      "insertText": "canceltap",
      "kind": "Variable",
      "label": "canceltap",
      "preselect": undefined,
      "sortText": "canceltap",
      "textEdit": undefined,
    },
  ],
}
// ====== SNAPSHOT 8 ======
xa {
  "isIncomplete": false,
  "items": Array [
    Object {
      "detail": undefined,
      "documentation": undefined,
      "filterText": undefined,
      "insertText": no {
        "e": 1,
        "value": "bind:${1|canceltap|}=\"$0\"",
      },
      "kind": "Keyword",
      "label": "bind:",
      "preselect": undefined,
      "sortText": "bind:",
      "textEdit": undefined,
    },
    Object {
      "detail": undefined,
      "documentation": undefined,
      "filterText": undefined,
      "insertText": no {
        "e": 1,
        "value": "capture-bind:${1|canceltap|}=\"$0\"",
      },
      "kind": "Keyword",
      "label": "capture-bind:",
      "preselect": undefined,
      "sortText": "capture-bind:",
      "textEdit": undefined,
    },
    Object {
      "detail": undefined,
      "documentation": undefined,
      "filterText": undefined,
      "insertText": no {
        "e": 1,
        "value": "capture-catch:${1|canceltap|}=\"$0\"",
      },
      "kind": "Keyword",
      "label": "capture-catch:",
      "preselect": undefined,
      "sortText": "capture-catch:",
      "textEdit": undefined,
    },
    Object {
      "detail": undefined,
      "documentation": undefined,
      "filterText": undefined,
      "insertText": no {
        "e": 1,
        "value": "capture-mut-bind:${1|canceltap|}=\"$0\"",
      },
      "kind": "Keyword",
      "label": "capture-mut-bind:",
      "preselect": undefined,
      "sortText": "capture-mut-bind:",
      "textEdit": undefined,
    },
    Object {
      "detail": undefined,
      "documentation": undefined,
      "filterText": undefined,
      "insertText": no {
        "e": 1,
        "value": "catch:${1|canceltap|}=\"$0\"",
      },
      "kind": "Keyword",
      "label": "catch:",
      "preselect": undefined,
      "sortText": "catch:",
      "textEdit": undefined,
    },
    Object {
      "detail": undefined,
      "documentation": undefined,
      "filterText": undefined,
      "insertText": no {
        "e": 1,
        "value": "data:$1=\"$0\"",
      },
      "kind": "Keyword",
      "label": "data:",
      "preselect": undefined,
      "sortText": "data:",
      "textEdit": undefined,
    },
    Object {
      "detail": undefined,
      "documentation": undefined,
      "filterText": undefined,
      "insertText": no {
        "e": 1,
        "value": "id=\"$0\"",
      },
      "kind": "Keyword",
      "label": "id",
      "preselect": undefined,
      "sortText": "id",
      "textEdit": undefined,
    },
    Object {
      "detail": undefined,
      "documentation": undefined,
      "filterText": undefined,
      "insertText": no {
        "e": 1,
        "value": "mark:$1=\"$0\"",
      },
      "kind": "Keyword",
      "label": "mark:",
      "preselect": undefined,
      "sortText": "mark:",
      "textEdit": undefined,
    },
    Object {
      "detail": undefined,
      "documentation": undefined,
      "filterText": undefined,
      "insertText": no {
        "e": 1,
        "value": "mut-bind:${1|canceltap|}=\"$0\"",
      },
      "kind": "Keyword",
      "label": "mut-bind:",
      "preselect": undefined,
      "sortText": "mut-bind:",
      "textEdit": undefined,
    },
    Object {
      "detail": undefined,
      "documentation": undefined,
      "filterText": undefined,
      "insertText": no {
        "e": 1,
        "value": "slot=\"$0\"",
      },
      "kind": "Keyword",
      "label": "slot",
      "preselect": undefined,
      "sortText": "slot",
      "textEdit": undefined,
    },
    Object {
      "detail": undefined,
      "documentation": undefined,
      "filterText": undefined,
      "insertText": no {
        "e": 1,
        "value": "slot:$1=\"$0\"",
      },
      "kind": "Keyword",
      "label": "slot:",
      "preselect": undefined,
      "sortText": "slot:",
      "textEdit": undefined,
    },
  ],
}
// ====== SNAPSHOT 9 ======
xa {
  "isIncomplete": false,
  "items": Array [
    Object {
      "detail": undefined,
      "documentation": undefined,
      "filterText": undefined,
      "insertText": no {
        "e": 1,
        "value": "bind:${1|canceltap|}=\"$0\"",
      },
      "kind": "Keyword",
      "label": "bind:",
      "preselect": undefined,
      "sortText": "bind:",
      "textEdit": undefined,
    },
    Object {
      "detail": undefined,
      "documentation": undefined,
      "filterText": undefined,
      "insertText": no {
        "e": 1,
        "value": "capture-bind:${1|canceltap|}=\"$0\"",
      },
      "kind": "Keyword",
      "label": "capture-bind:",
      "preselect": undefined,
      "sortText": "capture-bind:",
      "textEdit": undefined,
    },
    Object {
      "detail": undefined,
      "documentation": undefined,
      "filterText": undefined,
      "insertText": no {
        "e": 1,
        "value": "capture-catch:${1|canceltap|}=\"$0\"",
      },
      "kind": "Keyword",
      "label": "capture-catch:",
      "preselect": undefined,
      "sortText": "capture-catch:",
      "textEdit": undefined,
    },
    Object {
      "detail": undefined,
      "documentation": undefined,
      "filterText": undefined,
      "insertText": no {
        "e": 1,
        "value": "capture-mut-bind:${1|canceltap|}=\"$0\"",
      },
      "kind": "Keyword",
      "label": "capture-mut-bind:",
      "preselect": undefined,
      "sortText": "capture-mut-bind:",
      "textEdit": undefined,
    },
    Object {
      "detail": undefined,
      "documentation": undefined,
      "filterText": undefined,
      "insertText": no {
        "e": 1,
        "value": "catch:${1|canceltap|}=\"$0\"",
      },
      "kind": "Keyword",
      "label": "catch:",
      "preselect": undefined,
      "sortText": "catch:",
      "textEdit": undefined,
    },
    Object {
      "detail": undefined,
      "documentation": undefined,
      "filterText": undefined,
      "insertText": no {
        "e": 1,
        "value": "data:$1=\"$0\"",
      },
      "kind": "Keyword",
      "label": "data:",
      "preselect": undefined,
      "sortText": "data:",
      "textEdit": undefined,
    },
    Object {
      "detail": undefined,
      "documentation": undefined,
      "filterText": undefined,
      "insertText": no {
        "e": 1,
        "value": "id=\"$0\"",
      },
      "kind": "Keyword",
      "label": "id",
      "preselect": undefined,
      "sortText": "id",
      "textEdit": undefined,
    },
    Object {
      "detail": undefined,
      "documentation": undefined,
      "filterText": undefined,
      "insertText": no {
        "e": 1,
        "value": "mark:$1=\"$0\"",
      },
      "kind": "Keyword",
      "label": "mark:",
      "preselect": undefined,
      "sortText": "mark:",
      "textEdit": undefined,
    },
    Object {
      "detail": undefined,
      "documentation": undefined,
      "filterText": undefined,
      "insertText": no {
        "e": 1,
        "value": "mut-bind:${1|canceltap|}=\"$0\"",
      },
      "kind": "Keyword",
      "label": "mut-bind:",
      "preselect": undefined,
      "sortText": "mut-bind:",
      "textEdit": undefined,
    },
    Object {
      "detail": undefined,
      "documentation": undefined,
      "filterText": undefined,
      "insertText": no {
        "e": 1,
        "value": "slot=\"$0\"",
      },
      "kind": "Keyword",
      "label": "slot",
      "preselect": undefined,
      "sortText": "slot",
      "textEdit": undefined,
    },
    Object {
      "detail": undefined,
      "documentation": undefined,
      "filterText": undefined,
      "insertText": no {
        "e": 1,
        "value": "slot:$1=\"$0\"",
      },
      "kind": "Keyword",
      "label": "slot:",
      "preselect": undefined,
      "sortText": "slot:",
      "textEdit": undefined,
    },
  ],
}
// ====== SNAPSHOT 10 ======
xa {
  "isIncomplete": false,
  "items": Array [
    Object {
      "detail": undefined,
      "documentation": undefined,
      "filterText": undefined,
      "insertText": "canceltap",
      "kind": "Variable",
      "label": "canceltap",
      "preselect": undefined,
      "sortText": "canceltap",
      "textEdit": undefined,
    },
  ],
}
